// Jest Snapshot v1, https://goo.gl/fbAQLP

exports[`Categories component snapshot validation categories should match snapshot 1`] = `
<div
  className="categoriesWrapper"
  data-testid="categoriesComponent"
>
  <ul>
    <div
      className="categorySection"
    >
      <li
        className="listCategory activeCategory"
        onClick={[Function]}
      >
        <span
          data-testid="intro"
        >
          intro
        </span>
      </li>
      <div
        data-testid="delete"
      >
        <svg
          className="icon"
          fill="none"
          height="1em"
          onClick={[Function]}
          stroke="currentColor"
          strokeLinecap="round"
          strokeLinejoin="round"
          strokeWidth="2"
          style={
            Object {
              "color": undefined,
            }
          }
          viewBox="0 0 24 24"
          width="1em"
          xmlns="http://www.w3.org/2000/svg"
        >
          <path
            d="M21 4H8l-7 8 7 8h13a2 2 0 0 0 2-2V6a2 2 0 0 0-2-2z"
          />
          <line
            x1="18"
            x2="12"
            y1="9"
            y2="15"
          />
          <line
            x1="12"
            x2="18"
            y1="9"
            y2="15"
          />
        </svg>
      </div>
    </div>
    <div
      className="categorySection"
    >
      <li
        className="listCategory"
        onClick={[Function]}
      >
        <span
          data-testid="groceries"
        >
          groceries
        </span>
      </li>
      <div
        data-testid="delete"
      >
        <svg
          className="icon"
          fill="none"
          height="1em"
          onClick={[Function]}
          stroke="currentColor"
          strokeLinecap="round"
          strokeLinejoin="round"
          strokeWidth="2"
          style={
            Object {
              "color": undefined,
            }
          }
          viewBox="0 0 24 24"
          width="1em"
          xmlns="http://www.w3.org/2000/svg"
        >
          <path
            d="M21 4H8l-7 8 7 8h13a2 2 0 0 0 2-2V6a2 2 0 0 0-2-2z"
          />
          <line
            x1="18"
            x2="12"
            y1="9"
            y2="15"
          />
          <line
            x1="12"
            x2="18"
            y1="9"
            y2="15"
          />
        </svg>
      </div>
    </div>
  </ul>
</div>
`;
